// Jest Snapshot v1, https://goo.gl/fbAQLP

exports[`Storyshots Button with some emoji 1`] = `
<div>
  <div
    style={
      Object {
        "position": "relative",
        "zIndex": 0,
      }
    }
  >
    <button
      onClick={[Function]}
      style={
        Object {
          "backgroundColor": "#FFFFFF",
          "border": "1px solid #eee",
          "borderRadius": 3,
          "cursor": "pointer",
          "fontSize": 15,
          "margin": 10,
          "padding": "3px 10px",
        }
      }
      type="button"
    >
      <span
        aria-label="so cool"
        role="img"
      >
        üòÄ üòé üëç üíØ
      </span>
    </button>
  </div>
  <button
    className="info__show-button"
    onClick={[Function]}
    style={
      Object {
        "background": "#027ac5",
        "border": "none",
        "borderRadius": "0 0 0 5px",
        "color": "#fff",
        "cursor": "pointer",
        "display": "block",
        "fontFamily": "sans-serif",
        "fontSize": "12px",
        "padding": "5px 15px",
        "position": "fixed",
        "right": 0,
        "top": 0,
      }
    }
    type="button"
  >
    Show Info
  </button>
  <div
    className="info__overlay"
    style={
      Object {
        "background": "white",
        "bottom": 0,
        "display": "none",
        "left": 0,
        "overflow": "auto",
        "padding": "0 40px",
        "position": "fixed",
        "right": 0,
        "top": 0,
        "zIndex": 99999,
      }
    }
  >
    <button
      className="info__close-button"
      onClick={[Function]}
      style={
        Object {
          "background": "#027ac5",
          "border": "none",
          "borderRadius": "0 0 0 5px",
          "color": "#fff",
          "cursor": "pointer",
          "display": "block",
          "fontFamily": "sans-serif",
          "fontSize": "12px",
          "padding": "5px 15px",
          "position": "fixed",
          "right": 0,
          "top": 0,
        }
      }
      type="button"
    >
      √ó
    </button>
    <div>
      <div
        style={
          Object {
            "backgroundColor": "#fff",
            "border": "1px solid #eee",
            "borderRadius": "2px",
            "color": "black",
            "fontFamily": "Helvetica Neue, Helvetica, Segoe UI, Arial, freesans, sans-serif",
            "fontSize": "15px",
            "fontWeight": 300,
            "lineHeight": 1.45,
            "marginBottom": "20px",
            "marginTop": "20px",
            "padding": "20px 40px 40px",
          }
        }
      >
        <div
          style={
            Object {
              "borderBottom": "1px solid #eee",
              "marginBottom": 10,
              "paddingTop": 10,
            }
          }
        >
          <h1
            style={
              Object {
                "fontSize": "35px",
                "margin": 0,
                "padding": 0,
              }
            }
          >
            Button
          </h1>
          <h2
            style={
              Object {
                "fontSize": "22px",
                "fontWeight": 400,
                "margin": "0 0 10px 0",
                "padding": 0,
              }
            }
          >
            with some emoji
          </h2>
        </div>
        
        <div>
          <h1
            style={
              Object {
                "borderBottom": "1px solid #EEE",
                "fontSize": "25px",
                "margin": "20px 0 0 0",
                "padding": "0 0 5px 0",
              }
            }
          >
            Story Source
          </h1>
          <pre
            style={
              Object {
                "alignItems": "center",
                "backgroundColor": "#fafafa",
                "display": "flex",
                "fontFamily": "Menlo, Monaco, \\"Courier New\\", monospace",
                "fontSize": ".88em",
                "justifyContent": "space-between",
                "lineHeight": 1.5,
                "overflowX": "scroll",
                "padding": ".5rem",
              }
            }
          >
            <div>
              <div>
                <div
                  style={
                    Object {
                      "paddingLeft": 18,
                      "paddingRight": 3,
                    }
                  }
                >
                  <span
                    style={
                      Object {
                        "color": "#444",
                      }
                    }
                  >
                    &lt;
                    Button
                  </span>
                  <span>
                    <span>
                       
                      <span
                        style={Object {}}
                      >
                        onClick
                      </span>
                      <span>
                        =
                        <span
                          style={Object {}}
                        >
                          {
                          <span
                            style={
                              Object {
                                "color": "#170",
                              }
                            }
                          >
                            actionHandler
                          </span>
                          }
                        </span>
                      </span>
                      
                    </span>
                  </span>
                  <span
                    style={
                      Object {
                        "color": "#444",
                      }
                    }
                  >
                    &gt;
                  </span>
                </div>
                <div>
                  <div
                    style={
                      Object {
                        "paddingLeft": 33,
                        "paddingRight": 3,
                      }
                    }
                  >
                    <span
                      style={
                        Object {
                          "color": "#444",
                        }
                      }
                    >
                      &lt;
                      span
                    </span>
                    <span>
                      <span>
                         
                        <span
                          style={Object {}}
                        >
                          role
                        </span>
                        <span>
                          =
                          <span
                            style={Object {}}
                          >
                            "
                            <span
                              style={
                                Object {
                                  "color": "#22a",
                                  "wordBreak": "break-word",
                                }
                              }
                            >
                              img
                            </span>
                            "
                          </span>
                        </span>
                      </span>
                      <span>
                         
                        <span
                          style={Object {}}
                        >
                          aria-label
                        </span>
                        <span>
                          =
                          <span
                            style={Object {}}
                          >
                            "
                            <span
                              style={
                                Object {
                                  "color": "#22a",
                                  "wordBreak": "break-word",
                                }
                              }
                            >
                              so cool
                            </span>
                            "
                          </span>
                        </span>
                        
                      </span>
                    </span>
                    <span
                      style={
                        Object {
                          "color": "#444",
                        }
                      }
                    >
                      &gt;
                    </span>
                  </div>
                  <div
                    style={
                      Object {
                        "paddingLeft": 48,
                        "paddingRight": 3,
                      }
                    }
                  >
                    <span
                      style={
                        Object {
                          "color": "#444",
                        }
                      }
                    >
                      üòÄ üòé üëç üíØ
                    </span>
                  </div>
                  <div
                    style={
                      Object {
                        "paddingLeft": 33,
                        "paddingRight": 3,
                      }
                    }
                  >
                    <span
                      style={
                        Object {
                          "color": "#444",
                        }
                      }
                    >
                      &lt;/
                      span
                      &gt;
                    </span>
                  </div>
                </div>
                <div
                  style={
                    Object {
                      "paddingLeft": 18,
                      "paddingRight": 3,
                    }
                  }
                >
                  <span
                    style={
                      Object {
                        "color": "#444",
                      }
                    }
                  >
                    &lt;/
                    Button
                    &gt;
                  </span>
                </div>
              </div>
            </div>
            <button
              onClick={[Function]}
              style={
                Object {
                  "alignSelf": "flex-start",
                  "backgroundColor": "rgb(255, 255, 255)",
                  "borderColor": "rgb(238, 238, 238)",
                  "borderImage": "initial",
                  "borderRadius": "3px",
                  "borderStyle": "solid",
                  "borderWidth": "1px",
                  "cursor": "pointer",
                  "flexShrink": "0",
                  "fontSize": "13px",
                  "overflow": "hidden",
                  "padding": "3px 10px",
                }
              }
              type="button"
            >
              Copy
            </button>
          </pre>
        </div>
        <div>
          <h1
            style={
              Object {
                "borderBottom": "1px solid #EEE",
                "fontSize": "25px",
                "margin": "20px 0 0 0",
                "padding": "0 0 5px 0",
              }
            }
          >
            Prop Types
          </h1>
          <div>
            <h3
              style={
                Object {
                  "margin": "20px 0 0 0",
                }
              }
            >
              "
              Button
              " Component
            </h3>
            <table
              className="info-table"
            >
              <thead>
                <tr>
                  <th>
                    property
                  </th>
                  <th>
                    propType
                  </th>
                  <th>
                    required
                  </th>
                  <th>
                    default
                  </th>
                  <th>
                    description
                  </th>
                </tr>
              </thead>
              <tbody>
                <tr>
                  <td
                    className="info-table-monospace"
                  >
                    children
                  </td>
                  <td
                    className="info-table-monospace"
                  >
                    <span>
                      node
                    </span>
                  </td>
                  <td
                    className={null}
                  >
                    yes
                  </td>
                  <td
                    className={null}
                  >
                    -
                  </td>
                  <td
                    className={null}
                  />
                </tr>
                <tr>
                  <td
                    className="info-table-monospace"
                  >
                    onClick
                  </td>
                  <td
                    className="info-table-monospace"
                  >
                    <span>
                      func
                    </span>
                  </td>
                  <td
                    className={null}
                  >
                    -
                  </td>
                  <td
                    className={null}
                  >
                    <span>
                      onClick
                    </span>
                  </td>
                  <td
                    className={null}
                  />
                </tr>
              </tbody>
            </table>
          </div>
        </div>
      </div>
    </div>
  </div>
</div>
`;

exports[`Storyshots Button with text 1`] = `
<div>
  <div
    style={
      Object {
        "position": "relative",
        "zIndex": 0,
      }
    }
  >
    <button
      onClick={[Function]}
      style={
        Object {
          "backgroundColor": "#FFFFFF",
          "border": "1px solid #eee",
          "borderRadius": 3,
          "cursor": "pointer",
          "fontSize": 15,
          "margin": 10,
          "padding": "3px 10px",
        }
      }
      type="button"
    >
      Hello Button
    </button>
  </div>
  <button
    className="info__show-button"
    onClick={[Function]}
    style={
      Object {
        "background": "#027ac5",
        "border": "none",
        "borderRadius": "0 0 0 5px",
        "color": "#fff",
        "cursor": "pointer",
        "display": "block",
        "fontFamily": "sans-serif",
        "fontSize": "12px",
        "padding": "5px 15px",
        "position": "fixed",
        "right": 0,
        "top": 0,
      }
    }
    type="button"
  >
    Show Info
  </button>
  <div
    className="info__overlay"
    style={
      Object {
        "background": "white",
        "bottom": 0,
        "display": "none",
        "left": 0,
        "overflow": "auto",
        "padding": "0 40px",
        "position": "fixed",
        "right": 0,
        "top": 0,
        "zIndex": 99999,
      }
    }
  >
    <button
      className="info__close-button"
      onClick={[Function]}
      style={
        Object {
          "background": "#027ac5",
          "border": "none",
          "borderRadius": "0 0 0 5px",
          "color": "#fff",
          "cursor": "pointer",
          "display": "block",
          "fontFamily": "sans-serif",
          "fontSize": "12px",
          "padding": "5px 15px",
          "position": "fixed",
          "right": 0,
          "top": 0,
        }
      }
      type="button"
    >
      √ó
    </button>
    <div>
      <div
        style={
          Object {
            "backgroundColor": "#fff",
            "border": "1px solid #eee",
            "borderRadius": "2px",
            "color": "black",
            "fontFamily": "Helvetica Neue, Helvetica, Segoe UI, Arial, freesans, sans-serif",
            "fontSize": "15px",
            "fontWeight": 300,
            "lineHeight": 1.45,
            "marginBottom": "20px",
            "marginTop": "20px",
            "padding": "20px 40px 40px",
          }
        }
      >
        <div
          style={
            Object {
              "borderBottom": "1px solid #eee",
              "marginBottom": 10,
              "paddingTop": 10,
            }
          }
        >
          <h1
            style={
              Object {
                "fontSize": "35px",
                "margin": 0,
                "padding": 0,
              }
            }
          >
            Button
          </h1>
          <h2
            style={
              Object {
                "fontSize": "22px",
                "fontWeight": 400,
                "margin": "0 0 10px 0",
                "padding": 0,
              }
            }
          >
            with text
          </h2>
        </div>
        
        <div>
          <h1
            style={
              Object {
                "borderBottom": "1px solid #EEE",
                "fontSize": "25px",
                "margin": "20px 0 0 0",
                "padding": "0 0 5px 0",
              }
            }
          >
            Story Source
          </h1>
          <pre
            style={
              Object {
                "alignItems": "center",
                "backgroundColor": "#fafafa",
                "display": "flex",
                "fontFamily": "Menlo, Monaco, \\"Courier New\\", monospace",
                "fontSize": ".88em",
                "justifyContent": "space-between",
                "lineHeight": 1.5,
                "overflowX": "scroll",
                "padding": ".5rem",
              }
            }
          >
            <div>
              <div>
                <div
                  style={
                    Object {
                      "paddingLeft": 18,
                      "paddingRight": 3,
                    }
                  }
                >
                  <span
                    style={
                      Object {
                        "color": "#444",
                      }
                    }
                  >
                    &lt;
                    Button
                  </span>
                  <span>
                    <span>
                       
                      <span
                        style={Object {}}
                      >
                        onClick
                      </span>
                      <span>
                        =
                        <span
                          style={Object {}}
                        >
                          {
                          <span
                            style={
                              Object {
                                "color": "#170",
                              }
                            }
                          >
                            actionHandler
                          </span>
                          }
                        </span>
                      </span>
                      
                    </span>
                  </span>
                  <span
                    style={
                      Object {
                        "color": "#444",
                      }
                    }
                  >
                    &gt;
                  </span>
                </div>
                <div
                  style={
                    Object {
                      "paddingLeft": 33,
                      "paddingRight": 3,
                    }
                  }
                >
                  <span
                    style={
                      Object {
                        "color": "#444",
                      }
                    }
                  >
                    Hello Button
                  </span>
                </div>
                <div
                  style={
                    Object {
                      "paddingLeft": 18,
                      "paddingRight": 3,
                    }
                  }
                >
                  <span
                    style={
                      Object {
                        "color": "#444",
                      }
                    }
                  >
                    &lt;/
                    Button
                    &gt;
                  </span>
                </div>
              </div>
            </div>
            <button
              onClick={[Function]}
              style={
                Object {
                  "alignSelf": "flex-start",
                  "backgroundColor": "rgb(255, 255, 255)",
                  "borderColor": "rgb(238, 238, 238)",
                  "borderImage": "initial",
                  "borderRadius": "3px",
                  "borderStyle": "solid",
                  "borderWidth": "1px",
                  "cursor": "pointer",
                  "flexShrink": "0",
                  "fontSize": "13px",
                  "overflow": "hidden",
                  "padding": "3px 10px",
                }
              }
              type="button"
            >
              Copy
            </button>
          </pre>
        </div>
        <div>
          <h1
            style={
              Object {
                "borderBottom": "1px solid #EEE",
                "fontSize": "25px",
                "margin": "20px 0 0 0",
                "padding": "0 0 5px 0",
              }
            }
          >
            Prop Types
          </h1>
          <div>
            <h3
              style={
                Object {
                  "margin": "20px 0 0 0",
                }
              }
            >
              "
              Button
              " Component
            </h3>
            <table
              className="info-table"
            >
              <thead>
                <tr>
                  <th>
                    property
                  </th>
                  <th>
                    propType
                  </th>
                  <th>
                    required
                  </th>
                  <th>
                    default
                  </th>
                  <th>
                    description
                  </th>
                </tr>
              </thead>
              <tbody>
                <tr>
                  <td
                    className="info-table-monospace"
                  >
                    children
                  </td>
                  <td
                    className="info-table-monospace"
                  >
                    <span>
                      node
                    </span>
                  </td>
                  <td
                    className={null}
                  >
                    yes
                  </td>
                  <td
                    className={null}
                  >
                    -
                  </td>
                  <td
                    className={null}
                  />
                </tr>
                <tr>
                  <td
                    className="info-table-monospace"
                  >
                    onClick
                  </td>
                  <td
                    className="info-table-monospace"
                  >
                    <span>
                      func
                    </span>
                  </td>
                  <td
                    className={null}
                  >
                    -
                  </td>
                  <td
                    className={null}
                  >
                    <span>
                      onClick
                    </span>
                  </td>
                  <td
                    className={null}
                  />
                </tr>
              </tbody>
            </table>
          </div>
        </div>
      </div>
    </div>
  </div>
</div>
`;

exports[`Storyshots Welcome to Storybook 1`] = `
<div>
  <div
    style={
      Object {
        "position": "relative",
        "zIndex": 0,
      }
    }
  >
    <article
      style={
        Object {
          "backgroundColor": "#fff",
          "fontFamily": "\\"Helvetica Neue\\", Helvetica, \\"Segoe UI\\", Arial, freesans, sans-serif",
          "lineHeight": 1.4,
          "padding": 15,
        }
      }
    >
      <h1>
        Welcome to storybook
      </h1>
      <p>
        This is a UI component dev environment for your app.
      </p>
      <p>
        We've added some basic stories inside the 
        <code
          style={
            Object {
              "backgroundColor": "#f3f2f2",
              "border": "1px solid #eae9e9",
              "borderRadius": 4,
              "color": "#3a3a3a",
              "fontSize": 15,
              "fontWeight": 600,
              "padding": "2px 5px",
            }
          }
        >
          src/stories
        </code>
         directory.
        <br />
        A story is a single state of one or more UI components. You can have as many stories as you want.
        <br />
        (Basically a story is like a visual test case.)
      </p>
      <p>
        See these sample 
        <button
          onClick={[Function]}
          style={
            Object {
              "backgroundColor": "transparent",
              "borderBottom": "1px solid #1474f3",
              "borderLeft": "none",
              "borderRight": "none",
              "borderTop": "none",
              "color": "#1474f3",
              "cursor": "pointer",
              "font": "inherit",
              "padding": 0,
              "paddingBottom": 2,
              "textDecoration": "none",
            }
          }
          type="button"
        >
          stories
        </button>
         for a component called
         
        <code
          style={
            Object {
              "backgroundColor": "#f3f2f2",
              "border": "1px solid #eae9e9",
              "borderRadius": 4,
              "color": "#3a3a3a",
              "fontSize": 15,
              "fontWeight": 600,
              "padding": "2px 5px",
            }
          }
        >
          Button
        </code>
        .
      </p>
      <p>
        Just like that, you can add your own components as stories.
        <br />
        You can also edit those components and see changes right away.
        <br />
        (Try editing the 
        <code
          style={
            Object {
              "backgroundColor": "#f3f2f2",
              "border": "1px solid #eae9e9",
              "borderRadius": 4,
              "color": "#3a3a3a",
              "fontSize": 15,
              "fontWeight": 600,
              "padding": "2px 5px",
            }
          }
        >
          Button
        </code>
         stories located at
         
        <code
          style={
            Object {
              "backgroundColor": "#f3f2f2",
              "border": "1px solid #eae9e9",
              "borderRadius": 4,
              "color": "#3a3a3a",
              "fontSize": 15,
              "fontWeight": 600,
              "padding": "2px 5px",
            }
          }
        >
          src/stories/index.js
        </code>
        .)
      </p>
      <p>
        Usually we create stories with smaller UI components in the app.
        <br />
        Have a look at the
         
        <a
          href="https://storybook.js.org/basics/writing-stories"
          rel="noopener noreferrer"
          style={
            Object {
              "borderBottom": "1px solid #1474f3",
              "color": "#1474f3",
              "paddingBottom": 2,
              "textDecoration": "none",
            }
          }
          target="_blank"
        >
          Writing Stories
        </a>
         
        section in our documentation.
      </p>
      <p
        style={
          Object {
            "opacity": 0.5,
          }
        }
      >
        <b>
          NOTE:
        </b>
        <br />
        Have a look at the 
        <code
          style={
            Object {
              "backgroundColor": "#f3f2f2",
              "border": "1px solid #eae9e9",
              "borderRadius": 4,
              "color": "#3a3a3a",
              "fontSize": 15,
              "fontWeight": 600,
              "padding": "2px 5px",
            }
          }
        >
          .storybook/webpack.config.js
        </code>
         to add webpack loaders and plugins you are using in this project.
      </p>
    </article>
  </div>
  <button
    className="info__show-button"
    onClick={[Function]}
    style={
      Object {
        "background": "#027ac5",
        "border": "none",
        "borderRadius": "0 0 0 5px",
        "color": "#fff",
        "cursor": "pointer",
        "display": "block",
        "fontFamily": "sans-serif",
        "fontSize": "12px",
        "padding": "5px 15px",
        "position": "fixed",
        "right": 0,
        "top": 0,
      }
    }
    type="button"
  >
    Show Info
  </button>
  <div
    className="info__overlay"
    style={
      Object {
        "background": "white",
        "bottom": 0,
        "display": "none",
        "left": 0,
        "overflow": "auto",
        "padding": "0 40px",
        "position": "fixed",
        "right": 0,
        "top": 0,
        "zIndex": 99999,
      }
    }
  >
    <button
      className="info__close-button"
      onClick={[Function]}
      style={
        Object {
          "background": "#027ac5",
          "border": "none",
          "borderRadius": "0 0 0 5px",
          "color": "#fff",
          "cursor": "pointer",
          "display": "block",
          "fontFamily": "sans-serif",
          "fontSize": "12px",
          "padding": "5px 15px",
          "position": "fixed",
          "right": 0,
          "top": 0,
        }
      }
      type="button"
    >
      √ó
    </button>
    <div>
      <div
        style={
          Object {
            "backgroundColor": "#fff",
            "border": "1px solid #eee",
            "borderRadius": "2px",
            "color": "black",
            "fontFamily": "Helvetica Neue, Helvetica, Segoe UI, Arial, freesans, sans-serif",
            "fontSize": "15px",
            "fontWeight": 300,
            "lineHeight": 1.45,
            "marginBottom": "20px",
            "marginTop": "20px",
            "padding": "20px 40px 40px",
          }
        }
      >
        <div
          style={
            Object {
              "borderBottom": "1px solid #eee",
              "marginBottom": 10,
              "paddingTop": 10,
            }
          }
        >
          <h1
            style={
              Object {
                "fontSize": "35px",
                "margin": 0,
                "padding": 0,
              }
            }
          >
            Welcome
          </h1>
          <h2
            style={
              Object {
                "fontSize": "22px",
                "fontWeight": 400,
                "margin": "0 0 10px 0",
                "padding": 0,
              }
            }
          >
            to Storybook
          </h2>
        </div>
        
        <div>
          <h1
            style={
              Object {
                "borderBottom": "1px solid #EEE",
                "fontSize": "25px",
                "margin": "20px 0 0 0",
                "padding": "0 0 5px 0",
              }
            }
          >
            Story Source
          </h1>
          <pre
            style={
              Object {
                "alignItems": "center",
                "backgroundColor": "#fafafa",
                "display": "flex",
                "fontFamily": "Menlo, Monaco, \\"Courier New\\", monospace",
                "fontSize": ".88em",
                "justifyContent": "space-between",
                "lineHeight": 1.5,
                "overflowX": "scroll",
                "padding": ".5rem",
              }
            }
          >
            <div>
              <div
                style={
                  Object {
                    "paddingLeft": 18,
                    "paddingRight": 3,
                  }
                }
              >
                <span
                  style={
                    Object {
                      "color": "#444",
                    }
                  }
                >
                  &lt;
                  Welcome
                </span>
                <span>
                  <span>
                     
                    <span
                      style={Object {}}
                    >
                      showApp
                    </span>
                    <span>
                      =
                      <span
                        style={Object {}}
                      >
                        {
                        <span
                          style={
                            Object {
                              "color": "#170",
                            }
                          }
                        >
                          anonymous
                        </span>
                        }
                      </span>
                    </span>
                     
                  </span>
                </span>
                <span
                  style={
                    Object {
                      "color": "#444",
                    }
                  }
                >
                  /&gt;
                </span>
              </div>
            </div>
            <button
              onClick={[Function]}
              style={
                Object {
                  "alignSelf": "flex-start",
                  "backgroundColor": "rgb(255, 255, 255)",
                  "borderColor": "rgb(238, 238, 238)",
                  "borderImage": "initial",
                  "borderRadius": "3px",
                  "borderStyle": "solid",
                  "borderWidth": "1px",
                  "cursor": "pointer",
                  "flexShrink": "0",
                  "fontSize": "13px",
                  "overflow": "hidden",
                  "padding": "3px 10px",
                }
              }
              type="button"
            >
              Copy
            </button>
          </pre>
        </div>
        <div>
          <h1
            style={
              Object {
                "borderBottom": "1px solid #EEE",
                "fontSize": "25px",
                "margin": "20px 0 0 0",
                "padding": "0 0 5px 0",
              }
            }
          >
            Prop Types
          </h1>
          <div>
            <h3
              style={
                Object {
                  "margin": "20px 0 0 0",
                }
              }
            >
              "
              Welcome
              " Component
            </h3>
            <table
              className="info-table"
            >
              <thead>
                <tr>
                  <th>
                    property
                  </th>
                  <th>
                    propType
                  </th>
                  <th>
                    required
                  </th>
                  <th>
                    default
                  </th>
                  <th>
                    description
                  </th>
                </tr>
              </thead>
              <tbody>
                <tr>
                  <td
                    className="info-table-monospace"
                  >
                    showApp
                  </td>
                  <td
                    className="info-table-monospace"
                  >
                    <span>
                      func
                    </span>
                  </td>
                  <td
                    className={null}
                  >
                    -
                  </td>
                  <td
                    className={null}
                  >
                    <span>
                      null
                    </span>
                  </td>
                  <td
                    className={null}
                  />
                </tr>
              </tbody>
            </table>
          </div>
        </div>
      </div>
    </div>
  </div>
</div>
`;
